// Vitest Snapshot v1, https://vitest.dev/guide/snapshot.html

exports[`floodFill4 > baselines a fixed pattern 1`] = `
{
  "floodFill.5x5.ring": {
    "data": [
      0,
      0,
      0,
      255,
      0,
      0,
      0,
      255,
      0,
      0,
      0,
      255,
      0,
      0,
      0,
      255,
      0,
      0,
      0,
      255,
      0,
      0,
      0,
      255,
      0,
      255,
      0,
      255,
      0,
      255,
      0,
      255,
      0,
      255,
      0,
      255,
      0,
      0,
      0,
      255,
      0,
      0,
      0,
      255,
      0,
      255,
      0,
      255,
      255,
      128,
      0,
      255,
      0,
      255,
      0,
      255,
      0,
      0,
      0,
      255,
      0,
      0,
      0,
      255,
      0,
      255,
      0,
      255,
      0,
      255,
      0,
      255,
      0,
      255,
      0,
      255,
      0,
      0,
      0,
      255,
      0,
      0,
      0,
      255,
      0,
      0,
      0,
      255,
      0,
      0,
      0,
      255,
      0,
      0,
      0,
      255,
      0,
      0,
      0,
      255,
    ],
    "kind": "Uint8ClampedArray",
    "length": 100,
  },
}
`;
